class {
  classname: "qjs__schedule"
  label: "qjs__schedule\qjs.ads:9:10"
  virtuals: "1:qjs__run\n
             -1:qjs___size\n
             -6:qjs__Oeq\n
             -7:qjs___assign"
}
graph: { title: "/home/nico/Downloads/Real-Time-Systems/driving/src/qjs.adb"
node: { title: "memcpy" label: "builtin_memcpy\n<built-in>" shape : ellipse }
node: { title: "microbit__console__new_line" label: "New_Line\n/home/nico/Downloads/Real-Time-Systems/Ada_Drivers_Library/boards/MicroBit/src/microbit-console.ads:46:14" shape : ellipse }
node: { title: "chore__execute" label: "execute\n/home/nico/Downloads/Real-Time-Systems/driving/src/chore.ads:20:14" shape : ellipse }
node: { title: "system__img_int__image_integer" label: "Image_Integer\n/home/nico/opt/GNAT/2019-arm-elf/arm-eabi/lib/gnat/zfp-cortex-m0/gnat/s-imgint.ads:39:14" shape : ellipse }
node: { title: "microbit__console__put_line" label: "Put_Line\n/home/nico/Downloads/Real-Time-Systems/Ada_Drivers_Library/boards/MicroBit/src/microbit-console.ads:43:14" shape : ellipse }
node: { title: "chore__Oeq" label: "=\n/home/nico/Downloads/Real-Time-Systems/driving/src/chore.ads:9:10" shape : ellipse }
node: { title: "chore__choreIP" label: "choreip\n/home/nico/Downloads/Real-Time-Systems/driving/src/chore.ads:9:10" shape : ellipse }
node: { title: "qjs__run" label: "RUN\n/home/nico/Downloads/Real-Time-Systems/driving/src/qjs.adb:5:4\n296 bytes (static)" }
edge: { sourcename: "qjs__run" targetname: "microbit__console__new_line" label: "/home/nico/Downloads/Real-Time-Systems/driving/src/qjs.adb:128:32" }
edge: { sourcename: "qjs__run" targetname: "chore__execute" label: "/home/nico/Downloads/Real-Time-Systems/driving/src/qjs.adb:126:23" }
edge: { sourcename: "qjs__run" targetname: "microbit__console__put_line" label: "/home/nico/Downloads/Real-Time-Systems/driving/src/qjs.adb:125:32" }
edge: { sourcename: "qjs__run" targetname: "system__img_int__image_integer" label: "/home/nico/Downloads/Real-Time-Systems/driving/src/qjs.adb:125:49" }
edge: { sourcename: "qjs__run" targetname: "microbit__console__put_line" label: "/home/nico/Downloads/Real-Time-Systems/driving/src/qjs.adb:124:32" }
edge: { sourcename: "qjs__run" targetname: "microbit__console__new_line" label: "/home/nico/Downloads/Real-Time-Systems/driving/src/qjs.adb:108:32" }
edge: { sourcename: "qjs__run" targetname: "chore__execute" label: "/home/nico/Downloads/Real-Time-Systems/driving/src/qjs.adb:106:23" }
edge: { sourcename: "qjs__run" targetname: "microbit__console__put_line" label: "/home/nico/Downloads/Real-Time-Systems/driving/src/qjs.adb:105:32" }
edge: { sourcename: "qjs__run" targetname: "system__img_int__image_integer" label: "/home/nico/Downloads/Real-Time-Systems/driving/src/qjs.adb:105:49" }
edge: { sourcename: "qjs__run" targetname: "microbit__console__put_line" label: "/home/nico/Downloads/Real-Time-Systems/driving/src/qjs.adb:104:32" }
edge: { sourcename: "qjs__run" targetname: "microbit__console__new_line" label: "/home/nico/Downloads/Real-Time-Systems/driving/src/qjs.adb:83:32" }
edge: { sourcename: "qjs__run" targetname: "chore__execute" label: "/home/nico/Downloads/Real-Time-Systems/driving/src/qjs.adb:81:23" }
edge: { sourcename: "qjs__run" targetname: "microbit__console__put_line" label: "/home/nico/Downloads/Real-Time-Systems/driving/src/qjs.adb:80:32" }
edge: { sourcename: "qjs__run" targetname: "system__img_int__image_integer" label: "/home/nico/Downloads/Real-Time-Systems/driving/src/qjs.adb:80:49" }
edge: { sourcename: "qjs__run" targetname: "microbit__console__put_line" label: "/home/nico/Downloads/Real-Time-Systems/driving/src/qjs.adb:79:32" }
edge: { sourcename: "qjs__run" targetname: "microbit__console__new_line" label: "/home/nico/Downloads/Real-Time-Systems/driving/src/qjs.adb:61:32" }
edge: { sourcename: "qjs__run" targetname: "chore__execute" label: "/home/nico/Downloads/Real-Time-Systems/driving/src/qjs.adb:60:23" }
edge: { sourcename: "qjs__run" targetname: "microbit__console__put_line" label: "/home/nico/Downloads/Real-Time-Systems/driving/src/qjs.adb:59:32" }
edge: { sourcename: "qjs__run" targetname: "system__img_int__image_integer" label: "/home/nico/Downloads/Real-Time-Systems/driving/src/qjs.adb:59:49" }
edge: { sourcename: "qjs__run" targetname: "microbit__console__put_line" label: "/home/nico/Downloads/Real-Time-Systems/driving/src/qjs.adb:58:32" }
edge: { sourcename: "qjs__run" targetname: "microbit__console__new_line" label: "/home/nico/Downloads/Real-Time-Systems/driving/src/qjs.adb:35:32" }
edge: { sourcename: "qjs__run" targetname: "chore__execute" label: "/home/nico/Downloads/Real-Time-Systems/driving/src/qjs.adb:33:23" }
edge: { sourcename: "qjs__run" targetname: "microbit__console__put_line" label: "/home/nico/Downloads/Real-Time-Systems/driving/src/qjs.adb:32:32" }
edge: { sourcename: "qjs__run" targetname: "system__img_int__image_integer" label: "/home/nico/Downloads/Real-Time-Systems/driving/src/qjs.adb:32:49" }
edge: { sourcename: "qjs__run" targetname: "microbit__console__put_line" label: "/home/nico/Downloads/Real-Time-Systems/driving/src/qjs.adb:31:32" }
node: { title: "qjs___assign" label: "QJS\n/home/nico/Downloads/Real-Time-Systems/driving/src/qjs.ads:9:10\n24 bytes (static)" }
edge: { sourcename: "qjs___assign" targetname: "memcpy" }
node: { title: "qjs__Oeq" label: "=\n/home/nico/Downloads/Real-Time-Systems/driving/src/qjs.ads:9:5\n24 bytes (static)" }
edge: { sourcename: "qjs__Oeq" targetname: "/home/nico/Downloads/Real-Time-Systems/driving/src/qjs.adb:qjs__Oeq__E8s.4463" label: "/home/nico/Downloads/Real-Time-Systems/driving/src/qjs.ads:9:5" }
node: { title: "/home/nico/Downloads/Real-Time-Systems/driving/src/qjs.adb:qjs__Oeq__E8s.4463" label: "E8S\n/home/nico/Downloads/Real-Time-Systems/driving/src/qjs.ads:9:10\n32 bytes (static)" }
edge: { sourcename: "/home/nico/Downloads/Real-Time-Systems/driving/src/qjs.adb:qjs__Oeq__E8s.4463" targetname: "chore__Oeq" label: "/home/nico/Downloads/Real-Time-Systems/driving/src/qjs.ads:9:10" }
node: { title: "qjs___size" label: "QJS\n/home/nico/Downloads/Real-Time-Systems/driving/src/qjs.ads:9:10\n24 bytes (static)" }
node: { title: "qjs__scheduleIP" label: "SCHEDULEIP\n/home/nico/Downloads/Real-Time-Systems/driving/src/qjs.ads:9:10\n24 bytes (static)" }
edge: { sourcename: "qjs__scheduleIP" targetname: "qjs__Tchore_queueBIP" label: "/home/nico/Downloads/Real-Time-Systems/driving/src/qjs.ads:11:9" }
node: { title: "qjs__Tchore_queueBIP" label: "TCHORE_QUEUEBIP\n/home/nico/Downloads/Real-Time-Systems/driving/src/qjs.ads:7:5\n32 bytes (static)" }
edge: { sourcename: "qjs__Tchore_queueBIP" targetname: "chore__choreIP" label: "/home/nico/Downloads/Real-Time-Systems/driving/src/qjs.ads:7:5" }
}
